#
# There is insufficient memory for the Java Runtime Environment to continue.
# Native memory allocation (mmap) failed to map 536870912 bytes. Error detail: G1 virtual space
# Possible reasons:
#   The system is out of physical RAM or swap space
#   This process is running with CompressedOops enabled, and the Java Heap may be blocking the growth of the native heap
# Possible solutions:
#   Reduce memory load on the system
#   Increase physical memory or swap space
#   Check if swap backing store is full
#   Decrease Java heap size (-Xmx/-Xms)
#   Decrease number of Java threads
#   Decrease Java thread stack sizes (-Xss)
#   Set larger code cache with -XX:ReservedCodeCacheSize=
#   JVM is running with Zero Based Compressed Oops mode in which the Java heap is
#     placed in the first 32GB address space. The Java Heap base address is the
#     maximum limit for the native heap growth. Please use -XX:HeapBaseMinAddress
#     to set the Java Heap base and to place the Java Heap above 32GB virtual address.
# This output file may be truncated or incomplete.
#
#  Out of Memory Error (os_windows.cpp:3690), pid=17608, tid=10356
#
# JRE version:  (17.0.18+8) (build )
# Java VM: OpenJDK 64-Bit Server VM (17.0.18+8-LTS, mixed mode, sharing, tiered, compressed oops, compressed class ptrs, g1 gc, windows-amd64)
# No core dump will be written. Minidumps are not enabled by default on client versions of Windows
#

---------------  S U M M A R Y ------------

Command Line: -Dnet.bytebuddy.agent.attacher.dump= net.bytebuddy.agent.Attacher com.sun.tools.attach.VirtualMachine 80340 C:\Users\osiyo\.m2\repository\net\bytebuddy\byte-buddy-agent\1.15.11\byte-buddy-agent-1.15.11.jar false 

Host: Intel(R) Core(TM) i7-7820HQ CPU @ 2.90GHz, 8 cores, 31G,  Windows 10 , 64 bit Build 19041 (10.0.19041.5915)
Time: Sun Mar  8 19:17:28 2026 GMT Standard Time elapsed time: 0.011108 seconds (0d 0h 0m 0s)

---------------  T H R E A D  ---------------

Current thread (0x0000017749131480):  JavaThread "Unknown thread" [_thread_in_vm, id=10356, stack(0x0000007637b00000,0x0000007637c00000)]

Stack: [0x0000007637b00000,0x0000007637c00000]
Native frames: (J=compiled Java code, j=interpreted, Vv=VM code, C=native code)
V  [jvm.dll+0x68c879]  (no source info available)
V  [jvm.dll+0x845979]  (no source info available)
V  [jvm.dll+0x8476e8]  (no source info available)
V  [jvm.dll+0x847d73]  (no source info available)
V  [jvm.dll+0x24cf6f]  (no source info available)
V  [jvm.dll+0x68bc79]  (no source info available)
V  [jvm.dll+0x68023a]  (no source info available)
V  [jvm.dll+0x3101a0]  (no source info available)
V  [jvm.dll+0x310042]  (no source info available)
V  [jvm.dll+0x317599]  (no source info available)
V  [jvm.dll+0x369999]  (no source info available)
V  [jvm.dll+0x369bcd]  (no source info available)
V  [jvm.dll+0x2e69aa]  (no source info available)
V  [jvm.dll+0x2e78b8]  (no source info available)
V  [jvm.dll+0x81871e]  (no source info available)
V  [jvm.dll+0x377601]  (no source info available)
V  [jvm.dll+0x7f6d65]  (no source info available)
V  [jvm.dll+0x3fd47b]  (no source info available)
V  [jvm.dll+0x3ff0b1]  (no source info available)
C  [jli.dll+0x52f0]  (no source info available)
C  [ucrtbase.dll+0x21bb2]  (no source info available)
C  [KERNEL32.DLL+0x17374]  (no source info available)
C  [ntdll.dll+0x4cc91]  (no source info available)


---------------  P R O C E S S  ---------------

Threads class SMR info:
_java_thread_list=0x00007ffb1ebb6058, length=0, elements={
}

Java Threads: ( => current thread )

Other Threads:
  0x00000177491da210 GCTaskThread "GC Thread#0" [stack: 0x0000007637c00000,0x0000007637d00000] [id=73396]
  0x00000177491eaf00 ConcurrentGCThread "G1 Main Marker" [stack: 0x0000007637d00000,0x0000007637e00000] [id=13336]
  0x00000177491ed3f0 ConcurrentGCThread "G1 Conc#0" [stack: 0x0000007637e00000,0x0000007637f00000] [id=59052]

[error occurred during error reporting (printing all threads), id 0xc0000005, EXCEPTION_ACCESS_VIOLATION (0xc0000005) at pc=0x00007ffb1e3674e7]

VM state: not at safepoint (not fully initialized)

VM Mutex/Monitor currently owned by a thread:  ([mutex/lock_event])
[0x000001774912d6e0] Heap_lock - owner thread: 0x0000017749131480

Heap address: 0x0000000603000000, size: 8144 MB, Compressed Oops mode: Zero based, Oop shift amount: 3

CDS archive(s) mapped at: [0x0000000000000000-0x0000000000000000-0x0000000000000000), size 0, SharedBaseAddress: 0x0000000800000000, ArchiveRelocationMode: 1.
Narrow klass base: 0x0000000000000000, Narrow klass shift: 0, Narrow klass range: 0x0

GC Precious Log:
<Empty>

Heap:
 garbage-first heap   total 0K, used 0K [0x0000000603000000, 0x0000000800000000)
  region size 4096K, 0 young (0K), 0 survivors (0K)

[error occurred during error reporting (printing heap information), id 0xc0000005, EXCEPTION_ACCESS_VIOLATION (0xc0000005) at pc=0x00007ffb1e758929]

GC Heap History (0 events):
No events

Dll operation events (1 events):
Event: 0.006 Loaded shared library C:\Users\osiyo\.jdks\ms-17.0.18\bin\java.dll

Deoptimization events (0 events):
No events

Classes loaded (0 events):
No events

Classes unloaded (0 events):
No events

Classes redefined (0 events):
No events

Internal exceptions (0 events):
No events

VM Operations (0 events):
No events

Memory protections (0 events):
No events

Nmethod flushes (0 events):
No events

Events (0 events):
No events


Dynamic libraries:
0x00007ff60e580000 - 0x00007ff60e58e000 	C:\Users\osiyo\.jdks\ms-17.0.18\bin\java.exe
0x00007ffb90f50000 - 0x00007ffb91148000 	C:\Windows\SYSTEM32\ntdll.dll
0x00007ffb8f630000 - 0x00007ffb8f6f2000 	C:\Windows\System32\KERNEL32.DLL
0x00007ffb8e850000 - 0x00007ffb8eb46000 	C:\Windows\System32\KERNELBASE.dll
0x00007ffb8e750000 - 0x00007ffb8e850000 	C:\Windows\System32\ucrtbase.dll
0x00007ffb85880000 - 0x00007ffb85898000 	C:\Users\osiyo\.jdks\ms-17.0.18\bin\jli.dll
0x00007ffb85940000 - 0x00007ffb8595e000 	C:\Users\osiyo\.jdks\ms-17.0.18\bin\VCRUNTIME140.dll
0x00007ffb8f700000 - 0x00007ffb8f8a1000 	C:\Windows\System32\USER32.dll
0x00007ffb8da00000 - 0x00007ffb8dc9b000 	C:\Windows\WinSxS\amd64_microsoft.windows.common-controls_6595b64144ccf1df_6.0.19041.6456_none_60b8a6cb71f64256\COMCTL32.dll
0x00007ffb8e5e0000 - 0x00007ffb8e602000 	C:\Windows\System32\win32u.dll
0x00007ffb8f590000 - 0x00007ffb8f62e000 	C:\Windows\System32\msvcrt.dll
0x00007ffb8f560000 - 0x00007ffb8f58b000 	C:\Windows\System32\GDI32.dll
0x00007ffb8eda0000 - 0x00007ffb8eeb9000 	C:\Windows\System32\gdi32full.dll
0x00007ffb8ed00000 - 0x00007ffb8ed9d000 	C:\Windows\System32\msvcp_win.dll
0x00007ffb90460000 - 0x00007ffb9048f000 	C:\Windows\System32\IMM32.DLL
0x00007ffb89ee0000 - 0x00007ffb89eec000 	C:\Users\osiyo\.jdks\ms-17.0.18\bin\vcruntime140_1.dll
0x00007ffb70070000 - 0x00007ffb700f9000 	C:\Users\osiyo\.jdks\ms-17.0.18\bin\msvcp140.dll
0x00007ffb1e070000 - 0x00007ffb1ecea000 	C:\Users\osiyo\.jdks\ms-17.0.18\bin\server\jvm.dll
0x00007ffb8f490000 - 0x00007ffb8f541000 	C:\Windows\System32\ADVAPI32.dll
0x00007ffb90490000 - 0x00007ffb9052f000 	C:\Windows\System32\sechost.dll
0x00007ffb90740000 - 0x00007ffb90860000 	C:\Windows\System32\RPCRT4.dll
0x00007ffb8e690000 - 0x00007ffb8e6b7000 	C:\Windows\System32\bcrypt.dll
0x00007ffb8fc20000 - 0x00007ffb8fc8b000 	C:\Windows\System32\WS2_32.dll
0x00007ffb8e440000 - 0x00007ffb8e48b000 	C:\Windows\SYSTEM32\POWRPROF.dll
0x00007ffb84da0000 - 0x00007ffb84daa000 	C:\Windows\SYSTEM32\VERSION.dll
0x00007ffb7a1d0000 - 0x00007ffb7a1f7000 	C:\Windows\SYSTEM32\WINMM.dll
0x00007ffb8e420000 - 0x00007ffb8e432000 	C:\Windows\SYSTEM32\UMPDC.dll
0x00007ffb8c710000 - 0x00007ffb8c722000 	C:\Windows\SYSTEM32\kernel.appcore.dll
0x00007ffb89d90000 - 0x00007ffb89d9a000 	C:\Users\osiyo\.jdks\ms-17.0.18\bin\jimage.dll
0x00007ffb8deb0000 - 0x00007ffb8e0b1000 	C:\Windows\SYSTEM32\DBGHELP.DLL
0x00007ffb8de70000 - 0x00007ffb8dea4000 	C:\Windows\SYSTEM32\dbgcore.DLL
0x00007ffb8e6c0000 - 0x00007ffb8e742000 	C:\Windows\System32\bcryptPrimitives.dll
0x00007ffb85690000 - 0x00007ffb856b6000 	C:\Users\osiyo\.jdks\ms-17.0.18\bin\java.dll

dbghelp: loaded successfully - version: 4.0.5 - missing functions: none
symbol engine: initialized successfully - sym options: 0x614 - pdb path: .;C:\Users\osiyo\.jdks\ms-17.0.18\bin;C:\Windows\SYSTEM32;C:\Windows\WinSxS\amd64_microsoft.windows.common-controls_6595b64144ccf1df_6.0.19041.6456_none_60b8a6cb71f64256;C:\Users\osiyo\.jdks\ms-17.0.18\bin\server

VM Arguments:
jvm_args: -Dnet.bytebuddy.agent.attacher.dump= 
java_command: net.bytebuddy.agent.Attacher com.sun.tools.attach.VirtualMachine 80340 C:\Users\osiyo\.m2\repository\net\bytebuddy\byte-buddy-agent\1.15.11\byte-buddy-agent-1.15.11.jar false 
java_class_path (initial): C:\Users\osiyo\.m2\repository\net\bytebuddy\byte-buddy-agent\1.15.11\byte-buddy-agent-1.15.11.jar
Launcher Type: SUN_STANDARD

[Global flags]
     intx CICompilerCount                          = 4                                         {product} {ergonomic}
     uint ConcGCThreads                            = 2                                         {product} {ergonomic}
     uint G1ConcRefinementThreads                  = 8                                         {product} {ergonomic}
   size_t G1HeapRegionSize                         = 4194304                                   {product} {ergonomic}
    uintx GCDrainStackTargetSize                   = 64                                        {product} {ergonomic}
   size_t InitialHeapSize                          = 536870912                                 {product} {ergonomic}
   size_t MarkStackSize                            = 4194304                                   {product} {ergonomic}
   size_t MaxHeapSize                              = 8539602944                                {product} {ergonomic}
   size_t MinHeapDeltaBytes                        = 4194304                                   {product} {ergonomic}
   size_t MinHeapSize                              = 8388608                                   {product} {ergonomic}
    uintx NonNMethodCodeHeapSize                   = 5839372                                {pd product} {ergonomic}
    uintx NonProfiledCodeHeapSize                  = 122909434                              {pd product} {ergonomic}
    uintx ProfiledCodeHeapSize                     = 122909434                              {pd product} {ergonomic}
    uintx ReservedCodeCacheSize                    = 251658240                              {pd product} {ergonomic}
     bool SegmentedCodeCache                       = true                                      {product} {ergonomic}
   size_t SoftMaxHeapSize                          = 8539602944                             {manageable} {ergonomic}
     bool UseCompressedClassPointers               = true                           {product lp64_product} {ergonomic}
     bool UseCompressedOops                        = true                           {product lp64_product} {ergonomic}
     bool UseG1GC                                  = true                                      {product} {ergonomic}
     bool UseLargePagesIndividualAllocation        = false                                  {pd product} {ergonomic}

Logging:
Log output configuration:
 #0: stdout all=warning uptime,level,tags
 #1: stderr all=off uptime,level,tags

Environment Variables:
JAVA_HOME=C:\Program Files\Eclipse Adoptium\jdk-21.0.9.10-hotspot
PATH=C:\Program Files\Eclipse Adoptium\jdk-21.0.9.10-hotspot\bin;C:\Program Files\Common Files\Oracle\Java\javapath;C:\Windows\system32;C:\Windows;C:\Windows\System32\Wbem;C:\Windows\System32\WindowsPowerShell\v1.0\;C:\Windows\System32\OpenSSH\;C:\Program Files\Git\cmd;C:\apache-maven-3.9.11\bin;C:\Program Files\Go\bin;C:\Program Files\nodejs\;C:\Program Files\MySQL\MySQL Shell 8.0\bin\;C:\Users\osiyo\AppData\Local\Programs\Python\Python313\Scripts\;C:\Users\osiyo\AppData\Local\Programs\Python\Python313\;C:\Users\osiyo\AppData\Local\Programs\Python\Launcher\;C:\Users\osiyo\AppData\Local\Microsoft\WindowsApps;C:\Users\osiyo\AppData\Local\Programs\Microsoft VS Code\bin;C:\Program Files\JetBrains\PyCharm 2025.2.1.1\bin;C:\Users\osiyo\go\bin;C:\Users\osiyo\Downloads\JavaCC-5.0-master (5)\JavaCC-5.0-master\bin;C:\Users\osiyo\AppData\Roaming\npm;C:\Program Files\JetBrains\IntelliJ IDEA 2025.3.1.1\bin
USERNAME=osiyo
OS=Windows_NT
PROCESSOR_IDENTIFIER=Intel64 Family 6 Model 158 Stepping 9, GenuineIntel
TMP=C:\Users\osiyo\AppData\Local\Temp
TEMP=C:\Users\osiyo\AppData\Local\Temp



Periodic native trim disabled


---------------  S Y S T E M  ---------------

OS:
 Windows 10 , 64 bit Build 19041 (10.0.19041.5915)
OS uptime: 27 days 18:20 hours
Hyper-V role detected

CPU: total 8 (initial active 8) (4 cores per cpu, 2 threads per core) family 6 model 158 stepping 9 microcode 0xf4, cx8, cmov, fxsr, ht, mmx, 3dnowpref, sse, sse2, sse3, ssse3, sse4.1, sse4.2, popcnt, lzcnt, tsc, tscinvbit, avx, avx2, aes, erms, clmul, bmi1, bmi2, rtm, adx, fma, vzeroupper, clflush, clflushopt, hv
Processor Information for the first 8 processors :
  Max Mhz: 2904, Current Mhz: 2904, Mhz Limit: 2904

Memory: 4k page, system-wide physical 32570M (2262M free)
TotalPageFile size 63092M (AvailPageFile size 459M)
current process WorkingSet (physical memory assigned to process): 10M, peak: 10M
current process commit charge ("private bytes"): 60M, peak: 572M

vm_info: OpenJDK 64-Bit Server VM (17.0.18+8-LTS) for windows-amd64 JRE (17.0.18+8-LTS), built on Jan 15 2026 18:50:45 by "MicrosoftCorporation" with MS VC++ 17.14 (VS2022)

END.
