#
# There is insufficient memory for the Java Runtime Environment to continue.
# Native memory allocation (malloc) failed to allocate 1038592 bytes. Error detail: Chunk::new
# Possible reasons:
#   The system is out of physical RAM or swap space
#   This process is running with CompressedOops enabled, and the Java Heap may be blocking the growth of the native heap
# Possible solutions:
#   Reduce memory load on the system
#   Increase physical memory or swap space
#   Check if swap backing store is full
#   Decrease Java heap size (-Xmx/-Xms)
#   Decrease number of Java threads
#   Decrease Java thread stack sizes (-Xss)
#   Set larger code cache with -XX:ReservedCodeCacheSize=
#   JVM is running with Zero Based Compressed Oops mode in which the Java heap is
#     placed in the first 32GB address space. The Java Heap base address is the
#     maximum limit for the native heap growth. Please use -XX:HeapBaseMinAddress
#     to set the Java Heap base and to place the Java Heap above 32GB virtual address.
# This output file may be truncated or incomplete.
#
#  Out of Memory Error (arena.cpp:191), pid=80340, tid=78556
#
# JRE version: OpenJDK Runtime Environment Microsoft-13106358 (17.0.18+8) (build 17.0.18+8-LTS)
# Java VM: OpenJDK 64-Bit Server VM Microsoft-13106358 (17.0.18+8-LTS, mixed mode, sharing, tiered, compressed oops, compressed class ptrs, g1 gc, windows-amd64)
# No core dump will be written. Minidumps are not enabled by default on client versions of Windows
#

---------------  S U M M A R Y ------------

Command Line: -javaagent:C:\Users\osiyo\AppData\Local\JetBrains\IntelliJIdea2025.3\captureAgent\debugger-agent.jar=file:///C:/Users/osiyo/AppData/Local/Temp/capture7145933038419415100.props -ea -Didea.test.cyclic.buffer.size=1048576 -javaagent:C:\Program Files\JetBrains\IntelliJ IDEA 2025.3.1.1\lib\idea_rt.jar=53611 -Dkotlinx.coroutines.debug.enable.creation.stack.trace=false -Ddebugger.agent.enable.coroutines=true -Dkotlinx.coroutines.debug.enable.flows.stack.trace=true -Dkotlinx.coroutines.debug.enable.mutable.state.flows.stack.trace=true -Ddebugger.async.stack.trace.for.all.threads=true -Dfile.encoding=UTF-8 com.intellij.rt.junit.JUnitStarter -ideVersion5 -junit5 @w@C:\Users\osiyo\AppData\Local\Temp\idea_working_dirs_junit.tmp @C:\Users\osiyo\AppData\Local\Temp\idea_junit.tmp -socket53610

Host: Intel(R) Core(TM) i7-7820HQ CPU @ 2.90GHz, 8 cores, 31G,  Windows 10 , 64 bit Build 19041 (10.0.19041.5915)
Time: Sun Mar  8 19:18:12 2026 GMT Standard Time elapsed time: 56.214005 seconds (0d 0h 0m 56s)

---------------  T H R E A D  ---------------

Current thread (0x00000173f32e6990):  JavaThread "C2 CompilerThread2" daemon [_thread_in_native, id=78556, stack(0x0000002cf5800000,0x0000002cf5900000)]


Current CompileTask:
C2:56214 14919   !   4       org.springframework.beans.factory.support.DefaultListableBeanFactory::doGetBeanNamesForType (505 bytes)

Stack: [0x0000002cf5800000,0x0000002cf5900000]
Native frames: (J=compiled Java code, j=interpreted, Vv=VM code, C=native code)
V  [jvm.dll+0x68c879]  (no source info available)
V  [jvm.dll+0x845979]  (no source info available)
V  [jvm.dll+0x8476e8]  (no source info available)
V  [jvm.dll+0x847d73]  (no source info available)
V  [jvm.dll+0x24cf6f]  (no source info available)
V  [jvm.dll+0xaecb6]  (no source info available)
V  [jvm.dll+0xaf35c]  (no source info available)
V  [jvm.dll+0x37174e]  (no source info available)
V  [jvm.dll+0x33b985]  (no source info available)
V  [jvm.dll+0x33adea]  (no source info available)
V  [jvm.dll+0x21df29]  (no source info available)
V  [jvm.dll+0x21d36d]  (no source info available)
V  [jvm.dll+0x1a8ce6]  (no source info available)
V  [jvm.dll+0x22db1b]  (no source info available)
V  [jvm.dll+0x22bca6]  (no source info available)
V  [jvm.dll+0x7fbabb]  (no source info available)
V  [jvm.dll+0x7f5ebc]  (no source info available)
V  [jvm.dll+0x68de17]  (no source info available)
C  [ucrtbase.dll+0x21bb2]  (no source info available)
C  [KERNEL32.DLL+0x17374]  (no source info available)
C  [ntdll.dll+0x4cc91]  (no source info available)


---------------  P R O C E S S  ---------------

Threads class SMR info:
_java_thread_list=0x00000173f803bbe0, length=51, elements={
0x00000173fb40f010, 0x00000173fe972860, 0x00000173fe9735f0, 0x00000173fe987700,
0x00000173fe98b0f0, 0x00000173fe98b9c0, 0x00000173fe98c290, 0x00000173fe98cf40,
0x00000173fe990e00, 0x00000173fe995340, 0x00000173fe95c520, 0x00000173a8bf9160,
0x00000173a8d1a000, 0x00000173ee033350, 0x00000173f7562e80, 0x00000173f7565700,
0x00000173f8105c10, 0x00000173f8106630, 0x00000173f8109de0, 0x00000173ef2639a0,
0x00000173ef266730, 0x00000173ef262a70, 0x00000173ef2643c0, 0x00000173ef267150,
0x00000173ef268aa0, 0x00000173ef265d10, 0x00000173ef2699d0, 0x00000173ef263490,
0x00000173ef267660, 0x00000173ef266c40, 0x00000173ef266220, 0x00000173ef269ee0,
0x00000173ef268fb0, 0x00000173ef26b320, 0x00000173ef26b830, 0x00000173ef26bd40,
0x00000173ef2648d0, 0x00000173ef26c250, 0x00000173ef26cc70, 0x00000173ef26d690,
0x00000173ef270930, 0x00000173ef26e0b0, 0x00000173ef26e5c0, 0x00000173ef270e40,
0x00000173ef271860, 0x00000173f3b0fd00, 0x00000173f3b13ed0, 0x00000173f3b143e0,
0x00000173f3b10720, 0x0000017404145d30, 0x00000173f32e6990
}

Java Threads: ( => current thread )
  0x00000173fb40f010 JavaThread "main" [_thread_in_native, id=76308, stack(0x0000002cf1300000,0x0000002cf1400000)]
  0x00000173fe972860 JavaThread "Reference Handler" daemon [_thread_blocked, id=77184, stack(0x0000002cf1a00000,0x0000002cf1b00000)]
  0x00000173fe9735f0 JavaThread "Finalizer" daemon [_thread_blocked, id=68824, stack(0x0000002cf1b00000,0x0000002cf1c00000)]
  0x00000173fe987700 JavaThread "Signal Dispatcher" daemon [_thread_blocked, id=78832, stack(0x0000002cf1c00000,0x0000002cf1d00000)]
  0x00000173fe98b0f0 JavaThread "Attach Listener" daemon [_thread_blocked, id=76540, stack(0x0000002cf1d00000,0x0000002cf1e00000)]
  0x00000173fe98b9c0 JavaThread "Service Thread" daemon [_thread_blocked, id=8900, stack(0x0000002cf1e00000,0x0000002cf1f00000)]
  0x00000173fe98c290 JavaThread "Monitor Deflation Thread" daemon [_thread_blocked, id=72664, stack(0x0000002cf1f00000,0x0000002cf2000000)]
  0x00000173fe98cf40 JavaThread "C2 CompilerThread0" daemon [_thread_blocked, id=8760, stack(0x0000002cf2000000,0x0000002cf2100000)]
  0x00000173fe990e00 JavaThread "C1 CompilerThread0" daemon [_thread_blocked, id=12156, stack(0x0000002cf2100000,0x0000002cf2200000)]
  0x00000173fe995340 JavaThread "Sweeper thread" daemon [_thread_blocked, id=9056, stack(0x0000002cf2200000,0x0000002cf2300000)]
  0x00000173fe95c520 JavaThread "Common-Cleaner" daemon [_thread_blocked, id=19660, stack(0x0000002cf2300000,0x0000002cf2400000)]
  0x00000173a8bf9160 JavaThread "IntelliJ Suspend Helper" daemon [_thread_blocked, id=3260, stack(0x0000002cf2500000,0x0000002cf2600000)]
  0x00000173a8d1a000 JavaThread "Monitor Ctrl-Break" daemon [_thread_in_native, id=68956, stack(0x0000002cf2600000,0x0000002cf2700000)]
  0x00000173ee033350 JavaThread "Notification Thread" daemon [_thread_blocked, id=79200, stack(0x0000002cf2700000,0x0000002cf2800000)]
  0x00000173f7562e80 JavaThread "mysql-cj-abandoned-connection-cleanup" daemon [_thread_blocked, id=71004, stack(0x0000002cf3200000,0x0000002cf3300000)]
  0x00000173f7565700 JavaThread "HikariPool-1 housekeeper" daemon [_thread_blocked, id=72580, stack(0x0000002cf3400000,0x0000002cf3500000)]
  0x00000173f8105c10 JavaThread "Catalina-utility-1" [_thread_blocked, id=68748, stack(0x0000002cf3600000,0x0000002cf3700000)]
  0x00000173f8106630 JavaThread "Catalina-utility-2" [_thread_blocked, id=69348, stack(0x0000002cf3700000,0x0000002cf3800000)]
  0x00000173f8109de0 JavaThread "container-0" [_thread_blocked, id=71788, stack(0x0000002cf3800000,0x0000002cf3900000)]
  0x00000173ef2639a0 JavaThread "HttpClient-2-SelectorManager" daemon [_thread_in_native, id=64384, stack(0x0000002cf3a00000,0x0000002cf3b00000)]
  0x00000173ef266730 JavaThread "http-nio-auto-1-exec-1" daemon [_thread_blocked, id=80108, stack(0x0000002cf3b00000,0x0000002cf3c00000)]
  0x00000173ef262a70 JavaThread "http-nio-auto-1-exec-2" daemon [_thread_blocked, id=33420, stack(0x0000002cf3c00000,0x0000002cf3d00000)]
  0x00000173ef2643c0 JavaThread "http-nio-auto-1-exec-3" daemon [_thread_blocked, id=65424, stack(0x0000002cf3d00000,0x0000002cf3e00000)]
  0x00000173ef267150 JavaThread "http-nio-auto-1-exec-4" daemon [_thread_blocked, id=64808, stack(0x0000002cf3e00000,0x0000002cf3f00000)]
  0x00000173ef268aa0 JavaThread "http-nio-auto-1-exec-5" daemon [_thread_blocked, id=74632, stack(0x0000002cf3f00000,0x0000002cf4000000)]
  0x00000173ef265d10 JavaThread "http-nio-auto-1-exec-6" daemon [_thread_blocked, id=71712, stack(0x0000002cf4000000,0x0000002cf4100000)]
  0x00000173ef2699d0 JavaThread "http-nio-auto-1-exec-7" daemon [_thread_blocked, id=58284, stack(0x0000002cf4100000,0x0000002cf4200000)]
  0x00000173ef263490 JavaThread "http-nio-auto-1-exec-8" daemon [_thread_blocked, id=56412, stack(0x0000002cf4200000,0x0000002cf4300000)]
  0x00000173ef267660 JavaThread "http-nio-auto-1-exec-9" daemon [_thread_blocked, id=76148, stack(0x0000002cf4300000,0x0000002cf4400000)]
  0x00000173ef266c40 JavaThread "http-nio-auto-1-exec-10" daemon [_thread_blocked, id=77020, stack(0x0000002cf4400000,0x0000002cf4500000)]
  0x00000173ef266220 JavaThread "http-nio-auto-1-Poller" daemon [_thread_in_native, id=56760, stack(0x0000002cf4500000,0x0000002cf4600000)]
  0x00000173ef269ee0 JavaThread "http-nio-auto-1-Acceptor" daemon [_thread_in_native, id=55068, stack(0x0000002cf4600000,0x0000002cf4700000)]
  0x00000173ef268fb0 JavaThread "ForkJoinPool.commonPool-worker-1" daemon [_thread_blocked, id=10444, stack(0x0000002cf2400000,0x0000002cf2500000)]
  0x00000173ef26b320 JavaThread "HttpClient-3-SelectorManager" daemon [_thread_in_native, id=17248, stack(0x0000002cf3500000,0x0000002cf3600000)]
  0x00000173ef26b830 JavaThread "External Process Output Forwarder - C:\Users\osiyo\.cache\selenium\chromedriver\win64\144.0.7559.133\chromedriver.exe" daemon [_thread_in_native, id=74968, stack(0x0000002cf3900000,0x0000002cf3a00000)]
  0x00000173ef26bd40 JavaThread "Driver Service Executor" daemon [_thread_blocked, id=5676, stack(0x0000002cf4700000,0x0000002cf4800000)]
  0x00000173ef2648d0 JavaThread "Driver Service Executor" daemon [_thread_blocked, id=24380, stack(0x0000002cf4800000,0x0000002cf4900000)]
  0x00000173ef26c250 JavaThread "UrlChecker-2" daemon [_thread_blocked, id=72984, stack(0x0000002cf4900000,0x0000002cf4a00000)]
  0x00000173ef26cc70 JavaThread "JdkHttpClient-0-0" daemon [_thread_blocked, id=45856, stack(0x0000002cf4c00000,0x0000002cf4d00000)]
  0x00000173ef26d690 JavaThread "JdkHttpClient-0-1" daemon [_thread_blocked, id=66960, stack(0x0000002cf4d00000,0x0000002cf4e00000)]
  0x00000173ef270930 JavaThread "HttpClient-4-SelectorManager" daemon [_thread_in_native, id=79792, stack(0x0000002cf3000000,0x0000002cf3100000)]
  0x00000173ef26e0b0 JavaThread "JdkHttpClient-1-0" daemon [_thread_blocked, id=66088, stack(0x0000002cf4e00000,0x0000002cf4f00000)]
  0x00000173ef26e5c0 JavaThread "JdkHttpClient-1-1" daemon [_thread_blocked, id=60388, stack(0x0000002cf4f00000,0x0000002cf5000000)]
  0x00000173ef270e40 JavaThread "JdkHttpClient-1-2" daemon [_thread_blocked, id=38920, stack(0x0000002cf5000000,0x0000002cf5100000)]
  0x00000173ef271860 JavaThread "JdkHttpClient-0-2" daemon [_thread_blocked, id=76408, stack(0x0000002cf5100000,0x0000002cf5200000)]
  0x00000173f3b0fd00 JavaThread "http-nio-auto-1-exec-11" daemon [_thread_blocked, id=80608, stack(0x0000002cf8200000,0x0000002cf8300000)]
  0x00000173f3b13ed0 JavaThread "http-nio-auto-1-exec-12" daemon [_thread_blocked, id=61248, stack(0x0000002cf8300000,0x0000002cf8400000)]
  0x00000173f3b143e0 JavaThread "http-nio-auto-1-exec-13" daemon [_thread_blocked, id=29648, stack(0x0000002cf8400000,0x0000002cf8500000)]
  0x00000173f3b10720 JavaThread "JdkHttpClient-0-3" daemon [_thread_blocked, id=62584, stack(0x0000002cf4b00000,0x0000002cf4c00000)]
  0x0000017404145d30 JavaThread "C2 CompilerThread1" daemon [_thread_blocked, id=73412, stack(0x0000002cf5300000,0x0000002cf5400000)]
=>0x00000173f32e6990 JavaThread "C2 CompilerThread2" daemon [_thread_in_native, id=78556, stack(0x0000002cf5800000,0x0000002cf5900000)]

Other Threads:
  0x00000173fe96a290 VMThread "VM Thread" [stack: 0x0000002cf1900000,0x0000002cf1a00000] [id=15204]
  0x00000173ee02f5a0 WatcherThread [stack: 0x0000002cf2800000,0x0000002cf2900000] [id=78188]
  0x00000173fe7e0b00 GCTaskThread "GC Thread#0" [stack: 0x0000002cf1400000,0x0000002cf1500000] [id=58072]
  0x00000173eecea580 GCTaskThread "GC Thread#1" [stack: 0x0000002cf2900000,0x0000002cf2a00000] [id=64744]
  0x00000173ee9585c0 GCTaskThread "GC Thread#2" [stack: 0x0000002cf2a00000,0x0000002cf2b00000] [id=31784]
  0x00000173ee914ca0 GCTaskThread "GC Thread#3" [stack: 0x0000002cf2b00000,0x0000002cf2c00000] [id=64312]
  0x00000173eeafc380 GCTaskThread "GC Thread#4" [stack: 0x0000002cf2c00000,0x0000002cf2d00000] [id=67308]
  0x00000173ee8b1720 GCTaskThread "GC Thread#5" [stack: 0x0000002cf2d00000,0x0000002cf2e00000] [id=70764]
  0x00000173ee9fd0c0 GCTaskThread "GC Thread#6" [stack: 0x0000002cf2e00000,0x0000002cf2f00000] [id=69152]
  0x00000173ee9fd390 GCTaskThread "GC Thread#7" [stack: 0x0000002cf2f00000,0x0000002cf3000000] [id=69676]
  0x00000173fb48cd20 ConcurrentGCThread "G1 Main Marker" [stack: 0x0000002cf1500000,0x0000002cf1600000] [id=62804]
  0x00000173fb48dcf0 ConcurrentGCThread "G1 Conc#0" [stack: 0x0000002cf1600000,0x0000002cf1700000] [id=27808]
  0x00000173efa6bc40 ConcurrentGCThread "G1 Conc#1" [stack: 0x0000002cf3100000,0x0000002cf3200000] [id=20632]
  0x00000173fe8a5e30 ConcurrentGCThread "G1 Refine#0" [stack: 0x0000002cf1700000,0x0000002cf1800000] [id=47952]
  0x00000173f03c1200 ConcurrentGCThread "G1 Refine#1" [stack: 0x0000002cf3300000,0x0000002cf3400000] [id=64116]
  0x00000173fe8a6780 ConcurrentGCThread "G1 Service" [stack: 0x0000002cf1800000,0x0000002cf1900000] [id=63220]

Threads with active compile tasks:
C2 CompilerThread2  56236 14919   !   4       org.springframework.beans.factory.support.DefaultListableBeanFactory::doGetBeanNamesForType (505 bytes)

VM state: not at safepoint (normal execution)

VM Mutex/Monitor currently owned by a thread: None

Heap address: 0x0000000603000000, size: 8144 MB, Compressed Oops mode: Zero based, Oop shift amount: 3

CDS archive(s) mapped at: [0x00000173a9000000-0x00000173a9bb0000-0x00000173a9bb0000), size 12255232, SharedBaseAddress: 0x00000173a9000000, ArchiveRelocationMode: 1.
Compressed class space mapped at: 0x00000173aa000000-0x00000173ea000000, reserved size: 1073741824
Narrow klass base: 0x00000173a9000000, Narrow klass shift: 0, Narrow klass range: 0x100000000

GC Precious Log:
 CPUs: 8 total, 8 available
 Memory: 32570M
 Large Page Support: Disabled
 NUMA Support: Disabled
 Compressed Oops: Enabled (Zero based)
 Heap Region Size: 4M
 Heap Min Capacity: 8M
 Heap Initial Capacity: 512M
 Heap Max Capacity: 8144M
 Pre-touch: Disabled
 Parallel Workers: 8
 Concurrent Workers: 2
 Concurrent Refinement Workers: 8
 Periodic GC: Disabled

Heap:
 garbage-first heap   total 163840K, used 100537K [0x0000000603000000, 0x0000000800000000)
  region size 4096K, 11 young (45056K), 2 survivors (8192K)
 Metaspace       used 114155K, committed 114944K, reserved 1179648K
  class space    used 15693K, committed 16064K, reserved 1048576K

Heap Regions: E=young(eden), S=young(survivor), O=old, HS=humongous(starts), HC=humongous(continues), CS=collection set, F=free, OA=open archive, CA=closed archive, TAMS=top-at-mark-start (previous, next)
|   0|0x0000000603000000, 0x0000000603400000, 0x0000000603400000|100%| O|  |TAMS 0x0000000603400000, 0x0000000603000000| Untracked 
|   1|0x0000000603400000, 0x0000000603800000, 0x0000000603800000|100%| O|  |TAMS 0x0000000603800000, 0x0000000603400000| Untracked 
|   2|0x0000000603800000, 0x0000000603c00000, 0x0000000603c00000|100%| O|  |TAMS 0x0000000603c00000, 0x0000000603800000| Untracked 
|   3|0x0000000603c00000, 0x0000000604000000, 0x0000000604000000|100%| O|  |TAMS 0x0000000604000000, 0x0000000603c00000| Untracked 
|   4|0x0000000604000000, 0x0000000604400000, 0x0000000604400000|100%| O|  |TAMS 0x0000000604400000, 0x0000000604000000| Untracked 
|   5|0x0000000604400000, 0x0000000604800000, 0x0000000604800000|100%| O|  |TAMS 0x0000000604800000, 0x0000000604400000| Untracked 
|   6|0x0000000604800000, 0x0000000604c00000, 0x0000000604c00000|100%| O|  |TAMS 0x0000000604c00000, 0x0000000604800000| Untracked 
|   7|0x0000000604c00000, 0x0000000605000000, 0x0000000605000000|100%| O|  |TAMS 0x0000000605000000, 0x0000000604c00000| Untracked 
|   8|0x0000000605000000, 0x0000000605400000, 0x0000000605400000|100%| O|  |TAMS 0x0000000605000000, 0x0000000605000000| Untracked 
|   9|0x0000000605400000, 0x0000000605800000, 0x0000000605800000|100%| O|  |TAMS 0x0000000605800000, 0x0000000605400000| Untracked 
|  10|0x0000000605800000, 0x0000000605c00000, 0x0000000605c00000|100%| O|  |TAMS 0x0000000605c00000, 0x0000000605800000| Untracked 
|  11|0x0000000605c00000, 0x0000000606000000, 0x0000000606000000|100%| O|  |TAMS 0x0000000605de7e00, 0x0000000605c00000| Untracked 
|  12|0x0000000606000000, 0x0000000606400000, 0x0000000606400000|100%| O|  |TAMS 0x0000000606000000, 0x0000000606000000| Untracked 
|  13|0x0000000606400000, 0x0000000606800000, 0x0000000606800000|100%| O|  |TAMS 0x0000000606400000, 0x0000000606400000| Untracked 
|  14|0x0000000606800000, 0x0000000606ba6200, 0x0000000606c00000| 91%| O|  |TAMS 0x0000000606800000, 0x0000000606800000| Untracked 
|  15|0x0000000606c00000, 0x0000000606c00000, 0x0000000607000000|  0%| F|  |TAMS 0x0000000606c00000, 0x0000000606c00000| Untracked 
|  16|0x0000000607000000, 0x0000000607000000, 0x0000000607400000|  0%| F|  |TAMS 0x0000000607000000, 0x0000000607000000| Untracked 
|  17|0x0000000607400000, 0x0000000607400000, 0x0000000607800000|  0%| F|  |TAMS 0x0000000607400000, 0x0000000607400000| Untracked 
|  18|0x0000000607800000, 0x0000000607800000, 0x0000000607c00000|  0%| F|  |TAMS 0x0000000607800000, 0x0000000607800000| Untracked 
|  19|0x0000000607c00000, 0x0000000607c00000, 0x0000000608000000|  0%| F|  |TAMS 0x0000000607c00000, 0x0000000607c00000| Untracked 
|  20|0x0000000608000000, 0x0000000608000000, 0x0000000608400000|  0%| F|  |TAMS 0x0000000608000000, 0x0000000608000000| Untracked 
|  21|0x0000000608400000, 0x0000000608400000, 0x0000000608800000|  0%| F|  |TAMS 0x0000000608400000, 0x0000000608400000| Untracked 
|  22|0x0000000608800000, 0x0000000608a883f8, 0x0000000608c00000| 63%| S|CS|TAMS 0x0000000608800000, 0x0000000608800000| Complete 
|  23|0x0000000608c00000, 0x0000000609000000, 0x0000000609000000|100%| S|CS|TAMS 0x0000000608c00000, 0x0000000608c00000| Complete 
|  24|0x0000000609000000, 0x0000000609000000, 0x0000000609400000|  0%| F|  |TAMS 0x0000000609000000, 0x0000000609000000| Untracked 
|  25|0x0000000609400000, 0x0000000609400000, 0x0000000609800000|  0%| F|  |TAMS 0x0000000609400000, 0x0000000609400000| Untracked 
|  26|0x0000000609800000, 0x0000000609800000, 0x0000000609c00000|  0%| F|  |TAMS 0x0000000609800000, 0x0000000609800000| Untracked 
|  27|0x0000000609c00000, 0x0000000609c00000, 0x000000060a000000|  0%| F|  |TAMS 0x0000000609c00000, 0x0000000609c00000| Untracked 
|  28|0x000000060a000000, 0x000000060a000000, 0x000000060a400000|  0%| F|  |TAMS 0x000000060a000000, 0x000000060a000000| Untracked 
|  29|0x000000060a400000, 0x000000060a400000, 0x000000060a800000|  0%| F|  |TAMS 0x000000060a400000, 0x000000060a400000| Untracked 
|  30|0x000000060a800000, 0x000000060a800000, 0x000000060ac00000|  0%| F|  |TAMS 0x000000060a800000, 0x000000060a800000| Untracked 
|  31|0x000000060ac00000, 0x000000060afd29a0, 0x000000060b000000| 95%| E|  |TAMS 0x000000060ac00000, 0x000000060ac00000| Complete 
|  32|0x000000060b000000, 0x000000060b400000, 0x000000060b400000|100%| E|CS|TAMS 0x000000060b000000, 0x000000060b000000| Complete 
|  33|0x000000060b400000, 0x000000060b800000, 0x000000060b800000|100%| E|CS|TAMS 0x000000060b400000, 0x000000060b400000| Complete 
|  34|0x000000060b800000, 0x000000060bc00000, 0x000000060bc00000|100%| E|CS|TAMS 0x000000060b800000, 0x000000060b800000| Complete 
|  35|0x000000060bc00000, 0x000000060c000000, 0x000000060c000000|100%| E|CS|TAMS 0x000000060bc00000, 0x000000060bc00000| Complete 
|  53|0x0000000610400000, 0x0000000610800000, 0x0000000610800000|100%| E|CS|TAMS 0x0000000610400000, 0x0000000610400000| Complete 
|  54|0x0000000610800000, 0x0000000610c00000, 0x0000000610c00000|100%| E|CS|TAMS 0x0000000610800000, 0x0000000610800000| Complete 
|  55|0x0000000610c00000, 0x0000000611000000, 0x0000000611000000|100%| E|CS|TAMS 0x0000000610c00000, 0x0000000610c00000| Complete 
| 127|0x0000000622c00000, 0x0000000623000000, 0x0000000623000000|100%| E|CS|TAMS 0x0000000622c00000, 0x0000000622c00000| Complete 

Card table byte_map: [0x00000173fc7c0000,0x00000173fd7b0000] _byte_map_base: 0x00000173f97a8000

Marking Bits (Prev, Next): (CMBitMap*) 0x00000173fb47b560, (CMBitMap*) 0x00000173fb47b5a0
 Prev Bits: [0x0000017396ac0000, 0x000001739ea00000)
 Next Bits: [0x000001739ea00000, 0x00000173a6940000)

Polling page: 0x00000173f93d0000

Metaspace:

Usage:
  Non-class:     96.15 MB used.
      Class:     15.33 MB used.
       Both:    111.48 MB used.

Virtual space:
  Non-class space:      128.00 MB reserved,      96.56 MB ( 75%) committed,  2 nodes.
      Class space:        1.00 GB reserved,      15.69 MB (  2%) committed,  1 nodes.
             Both:        1.12 GB reserved,     112.25 MB ( 10%) committed. 

Chunk freelists:
   Non-Class:  15.00 MB
       Class:  197.00 KB
        Both:  15.19 MB

MaxMetaspaceSize: unlimited
CompressedClassSpaceSize: 1.00 GB
Initial GC threshold: 21.00 MB
Current GC threshold: 165.94 MB
CDS: on
MetaspaceReclaimPolicy: balanced
 - commit_granule_bytes: 65536.
 - commit_granule_words: 8192.
 - virtual_space_node_default_size: 8388608.
 - enlarge_chunks_in_place: 1.
 - new_chunks_are_fully_committed: 0.
 - uncommit_free_chunks: 1.
 - use_allocation_guard: 0.
 - handle_deallocations: 1.


Internal statistics:

num_allocs_failed_limit: 12.
num_arena_births: 1346.
num_arena_deaths: 2.
num_vsnodes_births: 3.
num_vsnodes_deaths: 0.
num_space_committed: 1796.
num_space_uncommitted: 0.
num_chunks_returned_to_freelist: 15.
num_chunks_taken_from_freelist: 5457.
num_chunk_merges: 12.
num_chunk_splits: 3897.
num_chunks_enlarged: 2989.
num_inconsistent_stats: 0.

CodeHeap 'non-profiled nmethods': size=120000Kb used=8067Kb max_used=8236Kb free=111933Kb
 bounds [0x000001738f590000, 0x000001738fda0000, 0x0000017396ac0000]
CodeHeap 'profiled nmethods': size=120000Kb used=25130Kb max_used=26424Kb free=94870Kb
 bounds [0x0000017387ac0000, 0x00000173894c0000, 0x000001738eff0000]
CodeHeap 'non-nmethods': size=5760Kb used=1413Kb max_used=1509Kb free=4346Kb
 bounds [0x000001738eff0000, 0x000001738f260000, 0x000001738f590000]
 total_blobs=13337 nmethods=12579 adapters=669
 compilation: enabled
              stopped_count=0, restarted_count=0
 full_count=0

Compilation events (20 events):
Event: 56.197 Thread 0x00000173fe990e00 14959       3       java.util.ArrayDeque::toArray (7 bytes)
Event: 56.197 Thread 0x00000173fe990e00 nmethod 14959 0x0000017388021c10 code [0x0000017388021dc0, 0x0000017388021f08]
Event: 56.197 Thread 0x00000173fe990e00 14961       3       java.util.Arrays::sort (32 bytes)
Event: 56.197 Thread 0x00000173fe990e00 nmethod 14961 0x0000017388339990 code [0x0000017388339b40, 0x0000017388339cd8]
Event: 56.198 Thread 0x00000173fe990e00 14962       3       io.cucumber.core.snippets.IdentifierGenerator$$Lambda$2968/0x00000173aafc7348::apply (12 bytes)
Event: 56.199 Thread 0x00000173fe990e00 nmethod 14962 0x0000017388151090 code [0x0000017388151240, 0x0000017388151488]
Event: 56.199 Thread 0x00000173fe990e00 14963       3       io.cucumber.core.snippets.IdentifierGenerator$$Lambda$2969/0x00000173aafc7588::apply (8 bytes)
Event: 56.199 Thread 0x00000173fe990e00 nmethod 14963 0x0000017387df4410 code [0x0000017387df45e0, 0x0000017387df4a18]
Event: 56.199 Thread 0x00000173fe990e00 14964       3       io.cucumber.core.snippets.IdentifierGenerator$$Lambda$2970/0x00000173aafc77c0::apply (15 bytes)
Event: 56.200 Thread 0x00000173fe990e00 nmethod 14964 0x00000173881f2410 code [0x00000173881f2600, 0x00000173881f2c18]
Event: 56.200 Thread 0x00000173fe990e00 14966   !   3       org.springframework.beans.factory.support.AbstractAutowireCapableBeanFactory::createBean (214 bytes)
Event: 56.203 Thread 0x00000173fe990e00 nmethod 14966 0x00000173882fe090 code [0x00000173882fe460, 0x0000017388300738]
Event: 56.208 Thread 0x0000017404145d30 nmethod 14950 0x000001738f84b310 code [0x000001738f84b540, 0x000001738f84ca18]
Event: 56.209 Thread 0x0000017404145d30 14965       4       java.util.concurrent.CopyOnWriteArrayList::size (6 bytes)
Event: 56.209 Thread 0x0000017404145d30 nmethod 14965 0x000001738f754f90 code [0x000001738f755120, 0x000001738f7551b8]
Event: 56.209 Thread 0x0000017404145d30 14960       4       java.util.regex.Pattern::qtype (39 bytes)
Event: 56.211 Thread 0x00000173fe990e00 14967       3       io.cucumber.core.runner.ExecutionMode$3::execute (4 bytes)
Event: 56.211 Thread 0x00000173fe990e00 nmethod 14967 0x000001738807d190 code [0x000001738807d320, 0x000001738807d438]
Event: 56.211 Thread 0x00000173fe98cf40 nmethod 14954 0x000001738f849d90 code [0x000001738f849f80, 0x000001738f84aa78]
Event: 56.211 Thread 0x0000017404145d30 nmethod 14960 0x000001738f754b10 code [0x000001738f754ca0, 0x000001738f754df8]

GC Heap History (20 events):
Event: 9.437 GC heap before
{Heap before GC invocations=15 (full 0):
 garbage-first heap   total 163840K, used 126007K [0x0000000603000000, 0x0000000800000000)
  region size 4096K, 24 young (98304K), 3 survivors (12288K)
 Metaspace       used 77244K, committed 77824K, reserved 1179648K
  class space    used 11001K, committed 11264K, reserved 1048576K
}
Event: 9.445 GC heap after
{Heap after GC invocations=16 (full 0):
 garbage-first heap   total 163840K, used 44107K [0x0000000603000000, 0x0000000800000000)
  region size 4096K, 3 young (12288K), 3 survivors (12288K)
 Metaspace       used 77244K, committed 77824K, reserved 1179648K
  class space    used 11001K, committed 11264K, reserved 1048576K
}
Event: 9.501 GC heap before
{Heap before GC invocations=16 (full 0):
 garbage-first heap   total 163840K, used 44107K [0x0000000603000000, 0x0000000800000000)
  region size 4096K, 4 young (16384K), 3 survivors (12288K)
 Metaspace       used 77954K, committed 78528K, reserved 1179648K
  class space    used 11120K, committed 11392K, reserved 1048576K
}
Event: 9.509 GC heap after
{Heap after GC invocations=17 (full 0):
 garbage-first heap   total 163840K, used 44433K [0x0000000603000000, 0x0000000800000000)
  region size 4096K, 1 young (4096K), 1 survivors (4096K)
 Metaspace       used 77954K, committed 78528K, reserved 1179648K
  class space    used 11120K, committed 11392K, reserved 1048576K
}
Event: 10.963 GC heap before
{Heap before GC invocations=17 (full 0):
 garbage-first heap   total 163840K, used 122257K [0x0000000603000000, 0x0000000800000000)
  region size 4096K, 20 young (81920K), 1 survivors (4096K)
 Metaspace       used 89392K, committed 90048K, reserved 1179648K
  class space    used 12718K, committed 13056K, reserved 1048576K
}
Event: 10.969 GC heap after
{Heap after GC invocations=18 (full 0):
 garbage-first heap   total 163840K, used 48940K [0x0000000603000000, 0x0000000800000000)
  region size 4096K, 2 young (8192K), 2 survivors (8192K)
 Metaspace       used 89392K, committed 90048K, reserved 1179648K
  class space    used 12718K, committed 13056K, reserved 1048576K
}
Event: 13.060 GC heap before
{Heap before GC invocations=18 (full 0):
 garbage-first heap   total 163840K, used 110380K [0x0000000603000000, 0x0000000800000000)
  region size 4096K, 19 young (77824K), 2 survivors (8192K)
 Metaspace       used 101051K, committed 101696K, reserved 1179648K
  class space    used 14281K, committed 14592K, reserved 1048576K
}
Event: 13.068 GC heap after
{Heap after GC invocations=19 (full 0):
 garbage-first heap   total 163840K, used 53367K [0x0000000603000000, 0x0000000800000000)
  region size 4096K, 3 young (12288K), 3 survivors (12288K)
 Metaspace       used 101051K, committed 101696K, reserved 1179648K
  class space    used 14281K, committed 14592K, reserved 1048576K
}
Event: 21.989 GC heap before
{Heap before GC invocations=20 (full 0):
 garbage-first heap   total 163840K, used 127095K [0x0000000603000000, 0x0000000800000000)
  region size 4096K, 21 young (86016K), 3 survivors (12288K)
 Metaspace       used 109144K, committed 109888K, reserved 1179648K
  class space    used 15441K, committed 15808K, reserved 1048576K
}
Event: 21.999 GC heap after
{Heap after GC invocations=21 (full 0):
 garbage-first heap   total 163840K, used 61406K [0x0000000603000000, 0x0000000800000000)
  region size 4096K, 3 young (12288K), 3 survivors (12288K)
 Metaspace       used 109144K, committed 109888K, reserved 1179648K
  class space    used 15441K, committed 15808K, reserved 1048576K
}
Event: 26.645 GC heap before
{Heap before GC invocations=21 (full 0):
 garbage-first heap   total 163840K, used 126942K [0x0000000603000000, 0x0000000800000000)
  region size 4096K, 19 young (77824K), 3 survivors (12288K)
 Metaspace       used 110857K, committed 111680K, reserved 1179648K
  class space    used 15540K, committed 15936K, reserved 1048576K
}
Event: 26.652 GC heap after
{Heap after GC invocations=22 (full 0):
 garbage-first heap   total 163840K, used 66275K [0x0000000603000000, 0x0000000800000000)
  region size 4096K, 3 young (12288K), 3 survivors (12288K)
 Metaspace       used 110857K, committed 111680K, reserved 1179648K
  class space    used 15540K, committed 15936K, reserved 1048576K
}
Event: 34.807 GC heap before
{Heap before GC invocations=22 (full 0):
 garbage-first heap   total 163840K, used 119523K [0x0000000603000000, 0x0000000800000000)
  region size 4096K, 17 young (69632K), 3 survivors (12288K)
 Metaspace       used 111598K, committed 112384K, reserved 1179648K
  class space    used 15576K, committed 15936K, reserved 1048576K
}
Event: 34.811 GC heap after
{Heap after GC invocations=23 (full 0):
 garbage-first heap   total 163840K, used 67219K [0x0000000603000000, 0x0000000800000000)
  region size 4096K, 2 young (8192K), 2 survivors (8192K)
 Metaspace       used 111598K, committed 112384K, reserved 1179648K
  class space    used 15576K, committed 15936K, reserved 1048576K
}
Event: 40.753 GC heap before
{Heap before GC invocations=23 (full 0):
 garbage-first heap   total 163840K, used 120467K [0x0000000603000000, 0x0000000800000000)
  region size 4096K, 16 young (65536K), 2 survivors (8192K)
 Metaspace       used 112466K, committed 113216K, reserved 1179648K
  class space    used 15580K, committed 15936K, reserved 1048576K
}
Event: 40.756 GC heap after
{Heap after GC invocations=24 (full 0):
 garbage-first heap   total 163840K, used 67975K [0x0000000603000000, 0x0000000800000000)
  region size 4096K, 2 young (8192K), 2 survivors (8192K)
 Metaspace       used 112466K, committed 113216K, reserved 1179648K
  class space    used 15580K, committed 15936K, reserved 1048576K
}
Event: 50.326 GC heap before
{Heap before GC invocations=24 (full 0):
 garbage-first heap   total 163840K, used 121223K [0x0000000603000000, 0x0000000800000000)
  region size 4096K, 16 young (65536K), 2 survivors (8192K)
 Metaspace       used 112849K, committed 113664K, reserved 1179648K
  class space    used 15584K, committed 16000K, reserved 1048576K
}
Event: 50.330 GC heap after
{Heap after GC invocations=25 (full 0):
 garbage-first heap   total 163840K, used 68845K [0x0000000603000000, 0x0000000800000000)
  region size 4096K, 2 young (8192K), 2 survivors (8192K)
 Metaspace       used 112849K, committed 113664K, reserved 1179648K
  class space    used 15584K, committed 16000K, reserved 1048576K
}
Event: 55.689 GC heap before
{Heap before GC invocations=25 (full 0):
 garbage-first heap   total 163840K, used 122093K [0x0000000603000000, 0x0000000800000000)
  region size 4096K, 16 young (65536K), 2 survivors (8192K)
 Metaspace       used 114021K, committed 114816K, reserved 1179648K
  class space    used 15693K, committed 16064K, reserved 1048576K
}
Event: 55.693 GC heap after
{Heap after GC invocations=26 (full 0):
 garbage-first heap   total 163840K, used 67769K [0x0000000603000000, 0x0000000800000000)
  region size 4096K, 2 young (8192K), 2 survivors (8192K)
 Metaspace       used 114021K, committed 114816K, reserved 1179648K
  class space    used 15693K, committed 16064K, reserved 1048576K
}

Dll operation events (13 events):
Event: 0.011 Loaded shared library C:\Users\osiyo\.jdks\ms-17.0.18\bin\java.dll
Event: 0.013 Loaded shared library C:\Users\osiyo\.jdks\ms-17.0.18\bin\zip.dll
Event: 0.030 Loaded shared library C:\Users\osiyo\.jdks\ms-17.0.18\bin\jsvml.dll
Event: 0.269 Loaded shared library C:\Users\osiyo\.jdks\ms-17.0.18\bin\instrument.dll
Event: 0.334 Loaded shared library C:\Users\osiyo\.jdks\ms-17.0.18\bin\net.dll
Event: 0.335 Loaded shared library C:\Users\osiyo\.jdks\ms-17.0.18\bin\nio.dll
Event: 0.349 Loaded shared library C:\Users\osiyo\.jdks\ms-17.0.18\bin\zip.dll
Event: 0.372 Loaded shared library C:\Users\osiyo\.jdks\ms-17.0.18\bin\extnet.dll
Event: 0.610 Loaded shared library C:\Users\osiyo\.jdks\ms-17.0.18\bin\jimage.dll
Event: 3.227 Loaded shared library C:\Users\osiyo\.jdks\ms-17.0.18\bin\verify.dll
Event: 5.915 Loaded shared library C:\Users\osiyo\.jdks\ms-17.0.18\bin\sunmscapi.dll
Event: 7.442 Loaded shared library C:\Users\osiyo\.jdks\ms-17.0.18\bin\management.dll
Event: 7.445 Loaded shared library C:\Users\osiyo\.jdks\ms-17.0.18\bin\management_ext.dll

Deoptimization events (20 events):
Event: 55.973 Thread 0x00000173fb40f010 DEOPT PACKING pc=0x000001738fa94dc0 sp=0x0000002cf13fcde0
Event: 55.973 Thread 0x00000173fb40f010 DEOPT UNPACKING pc=0x000001738f0469a3 sp=0x0000002cf13fccf8 mode 2
Event: 55.974 Thread 0x00000173fb40f010 Uncommon trap: trap_request=0xffffffc6 fr.pc=0x000001738fa94dc0 relative=0x0000000000000980
Event: 55.974 Thread 0x00000173fb40f010 Uncommon trap: reason=bimorphic_or_optimized_type_check action=maybe_recompile pc=0x000001738fa94dc0 method=java.util.regex.Pattern$Ques.match(Ljava/util/regex/Matcher;ILjava/lang/CharSequence;)Z @ 59 c2
Event: 55.974 Thread 0x00000173fb40f010 DEOPT PACKING pc=0x000001738fa94dc0 sp=0x0000002cf13fcde0
Event: 55.974 Thread 0x00000173fb40f010 DEOPT UNPACKING pc=0x000001738f0469a3 sp=0x0000002cf13fccf8 mode 2
Event: 55.999 Thread 0x00000173fb40f010 DEOPT PACKING pc=0x0000017387bdde52 sp=0x0000002cf13fcdf0
Event: 55.999 Thread 0x00000173fb40f010 DEOPT UNPACKING pc=0x000001738f047143 sp=0x0000002cf13fc2f0 mode 0
Event: 55.999 Thread 0x00000173fb40f010 DEOPT PACKING pc=0x000001738806597b sp=0x0000002cf13fceb0
Event: 55.999 Thread 0x00000173fb40f010 DEOPT UNPACKING pc=0x000001738f047143 sp=0x0000002cf13fc3d8 mode 0
Event: 55.999 Thread 0x00000173fb40f010 Uncommon trap: trap_request=0xffffff45 fr.pc=0x000001738fb3fb7c relative=0x000000000000005c
Event: 55.999 Thread 0x00000173fb40f010 Uncommon trap: reason=unstable_if action=reinterpret pc=0x000001738fb3fb7c method=java.nio.charset.CoderResult.isUnderflow()Z @ 4 c2
Event: 55.999 Thread 0x00000173fb40f010 DEOPT PACKING pc=0x000001738fb3fb7c sp=0x0000002cf13fcc40
Event: 55.999 Thread 0x00000173fb40f010 DEOPT UNPACKING pc=0x000001738f0469a3 sp=0x0000002cf13fcbd0 mode 2
Event: 56.099 Thread 0x00000173fb40f010 DEOPT PACKING pc=0x0000017387bba6c1 sp=0x0000002cf13fcc50
Event: 56.099 Thread 0x00000173fb40f010 DEOPT UNPACKING pc=0x000001738f047143 sp=0x0000002cf13fc1f0 mode 0
Event: 56.117 Thread 0x00000173fb40f010 Uncommon trap: trap_request=0xffffff6e fr.pc=0x000001738f75ba10 relative=0x0000000000000530
Event: 56.117 Thread 0x00000173fb40f010 Uncommon trap: reason=loop_limit_check action=maybe_recompile pc=0x000001738f75ba10 method=java.util.regex.Pattern$StartS.match(Ljava/util/regex/Matcher;ILjava/lang/CharSequence;)Z @ 34 c2
Event: 56.117 Thread 0x00000173fb40f010 DEOPT PACKING pc=0x000001738f75ba10 sp=0x0000002cf13fcc00
Event: 56.117 Thread 0x00000173fb40f010 DEOPT UNPACKING pc=0x000001738f0469a3 sp=0x0000002cf13fcbb0 mode 2

Classes loaded (20 events):
Event: 56.188 Loading class org/testcontainers/containers/MariaDBContainer
Event: 56.188 Loading class org/testcontainers/containers/MariaDBContainer done
Event: 56.188 Loading class org/testcontainers/containers/MySQLContainer
Event: 56.188 Loading class org/testcontainers/containers/MySQLContainer done
Event: 56.189 Loading class org/testcontainers/oracle/OracleContainer
Event: 56.189 Loading class org/testcontainers/oracle/OracleContainer done
Event: 56.189 Loading class org/testcontainers/containers/OracleContainer
Event: 56.189 Loading class org/testcontainers/containers/OracleContainer done
Event: 56.189 Loading class org/testcontainers/containers/PostgreSQLContainer
Event: 56.189 Loading class org/testcontainers/containers/PostgreSQLContainer done
Event: 56.190 Loading class org/testcontainers/containers/MSSQLServerContainer
Event: 56.190 Loading class org/testcontainers/containers/MSSQLServerContainer done
Event: 56.190 Loading class org/testcontainers/redpanda/RedpandaContainer
Event: 56.190 Loading class org/testcontainers/redpanda/RedpandaContainer done
Event: 56.191 Loading class org/springframework/web/reactive/DispatcherHandler
Event: 56.191 Loading class org/springframework/web/reactive/DispatcherHandler done
Event: 56.191 Loading class reactor/core/publisher/Hooks
Event: 56.191 Loading class reactor/core/publisher/Hooks done
Event: 56.210 Loading class org/testng/SkipException
Event: 56.210 Loading class org/testng/SkipException done

Classes unloaded (1 events):
Event: 2.895 Thread 0x00000173fe96a290 Unloading class 0x00000173aa001c00 'java/lang/invoke/LambdaForm$DMH+0x00000173aa001c00'

Classes redefined (1 events):
Event: 0.305 Thread 0x00000173fe96a290 redefined class name=java.lang.Throwable, count=1

Internal exceptions (20 events):
Event: 56.058 Thread 0x00000173fb40f010 Exception <a 'java/lang/NoClassDefFoundError'{0x000000060b55d970}: org/springframework/boot/actuate/autoconfigure/metrics/export/otlp/OtlpMetricsConnectionDetails> (0x000000060b55d970) 
thrown [s\src\hotspot\share\classfile\systemDictionary.cpp, line 245]
Event: 56.058 Thread 0x00000173fb40f010 Exception <a 'java/lang/NoClassDefFoundError'{0x000000060b57d940}: org/springframework/boot/actuate/autoconfigure/tracing/otlp/OtlpTracingConnectionDetails> (0x000000060b57d940) 
thrown [s\src\hotspot\share\classfile\systemDictionary.cpp, line 245]
Event: 56.059 Thread 0x00000173fb40f010 Exception <a 'java/lang/NoClassDefFoundError'{0x000000060b582e10}: org/springframework/boot/actuate/autoconfigure/logging/otlp/OtlpLoggingConnectionDetails> (0x000000060b582e10) 
thrown [s\src\hotspot\share\classfile\systemDictionary.cpp, line 245]
Event: 56.059 Thread 0x00000173fb40f010 Exception <a 'java/lang/NoClassDefFoundError'{0x000000060b5885f0}: org/springframework/boot/actuate/autoconfigure/metrics/export/otlp/OtlpMetricsConnectionDetails> (0x000000060b5885f0) 
thrown [s\src\hotspot\share\classfile\systemDictionary.cpp, line 245]
Event: 56.059 Thread 0x00000173fb40f010 Exception <a 'java/lang/NoClassDefFoundError'{0x000000060b58dac0}: org/springframework/boot/actuate/autoconfigure/tracing/otlp/OtlpTracingConnectionDetails> (0x000000060b58dac0) 
thrown [s\src\hotspot\share\classfile\systemDictionary.cpp, line 245]
Event: 56.060 Thread 0x00000173fb40f010 Exception <a 'java/lang/NoClassDefFoundError'{0x000000060b593960}: org/springframework/boot/actuate/autoconfigure/tracing/zipkin/ZipkinConnectionDetails> (0x000000060b593960) 
thrown [s\src\hotspot\share\classfile\systemDictionary.cpp, line 245]
Event: 56.103 Thread 0x00000173fb40f010 Exception <a 'java/lang/NoClassDefFoundError'{0x000000060b08cdb8}: org/springframework/boot/actuate/autoconfigure/logging/otlp/OtlpLoggingConnectionDetails> (0x000000060b08cdb8) 
thrown [s\src\hotspot\share\classfile\systemDictionary.cpp, line 245]
Event: 56.104 Thread 0x00000173fb40f010 Exception <a 'java/lang/NoClassDefFoundError'{0x000000060b092598}: org/springframework/boot/actuate/autoconfigure/metrics/export/otlp/OtlpMetricsConnectionDetails> (0x000000060b092598) 
thrown [s\src\hotspot\share\classfile\systemDictionary.cpp, line 245]
Event: 56.104 Thread 0x00000173fb40f010 Exception <a 'java/lang/NoClassDefFoundError'{0x000000060b097a68}: org/springframework/boot/actuate/autoconfigure/tracing/otlp/OtlpTracingConnectionDetails> (0x000000060b097a68) 
thrown [s\src\hotspot\share\classfile\systemDictionary.cpp, line 245]
Event: 56.105 Thread 0x00000173fb40f010 Exception <a 'java/lang/NoClassDefFoundError'{0x000000060b0c2418}: org/springframework/boot/actuate/autoconfigure/logging/otlp/OtlpLoggingConnectionDetails> (0x000000060b0c2418) 
thrown [s\src\hotspot\share\classfile\systemDictionary.cpp, line 245]
Event: 56.105 Thread 0x00000173fb40f010 Exception <a 'java/lang/NoClassDefFoundError'{0x000000060b0c7bf8}: org/springframework/boot/actuate/autoconfigure/metrics/export/otlp/OtlpMetricsConnectionDetails> (0x000000060b0c7bf8) 
thrown [s\src\hotspot\share\classfile\systemDictionary.cpp, line 245]
Event: 56.105 Thread 0x00000173fb40f010 Exception <a 'java/lang/NoClassDefFoundError'{0x000000060b0cd0c8}: org/springframework/boot/actuate/autoconfigure/tracing/otlp/OtlpTracingConnectionDetails> (0x000000060b0cd0c8) 
thrown [s\src\hotspot\share\classfile\systemDictionary.cpp, line 245]
Event: 56.106 Thread 0x00000173fb40f010 Exception <a 'java/lang/NoClassDefFoundError'{0x000000060b0d2f68}: org/springframework/boot/actuate/autoconfigure/tracing/zipkin/ZipkinConnectionDetails> (0x000000060b0d2f68) 
thrown [s\src\hotspot\share\classfile\systemDictionary.cpp, line 245]
Event: 56.180 Thread 0x00000173fb40f010 Exception <a 'java/lang/NoClassDefFoundError'{0x000000060ac4c330}: org/springframework/boot/actuate/autoconfigure/logging/otlp/OtlpLoggingConnectionDetails> (0x000000060ac4c330) 
thrown [s\src\hotspot\share\classfile\systemDictionary.cpp, line 245]
Event: 56.180 Thread 0x00000173fb40f010 Exception <a 'java/lang/NoClassDefFoundError'{0x000000060ac51b10}: org/springframework/boot/actuate/autoconfigure/metrics/export/otlp/OtlpMetricsConnectionDetails> (0x000000060ac51b10) 
thrown [s\src\hotspot\share\classfile\systemDictionary.cpp, line 245]
Event: 56.180 Thread 0x00000173fb40f010 Exception <a 'java/lang/NoClassDefFoundError'{0x000000060ac56fe0}: org/springframework/boot/actuate/autoconfigure/tracing/otlp/OtlpTracingConnectionDetails> (0x000000060ac56fe0) 
thrown [s\src\hotspot\share\classfile\systemDictionary.cpp, line 245]
Event: 56.181 Thread 0x00000173fb40f010 Exception <a 'java/lang/NoClassDefFoundError'{0x000000060ac5c4b0}: org/springframework/boot/actuate/autoconfigure/logging/otlp/OtlpLoggingConnectionDetails> (0x000000060ac5c4b0) 
thrown [s\src\hotspot\share\classfile\systemDictionary.cpp, line 245]
Event: 56.181 Thread 0x00000173fb40f010 Exception <a 'java/lang/NoClassDefFoundError'{0x000000060ac61c90}: org/springframework/boot/actuate/autoconfigure/metrics/export/otlp/OtlpMetricsConnectionDetails> (0x000000060ac61c90) 
thrown [s\src\hotspot\share\classfile\systemDictionary.cpp, line 245]
Event: 56.181 Thread 0x00000173fb40f010 Exception <a 'java/lang/NoClassDefFoundError'{0x000000060ac67160}: org/springframework/boot/actuate/autoconfigure/tracing/otlp/OtlpTracingConnectionDetails> (0x000000060ac67160) 
thrown [s\src\hotspot\share\classfile\systemDictionary.cpp, line 245]
Event: 56.181 Thread 0x00000173fb40f010 Exception <a 'java/lang/NoClassDefFoundError'{0x000000060ac6d000}: org/springframework/boot/actuate/autoconfigure/tracing/zipkin/ZipkinConnectionDetails> (0x000000060ac6d000) 
thrown [s\src\hotspot\share\classfile\systemDictionary.cpp, line 245]

VM Operations (20 events):
Event: 50.326 Executing VM operation: G1CollectForAllocation
Event: 50.330 Executing VM operation: G1CollectForAllocation done
Event: 51.342 Executing VM operation: Cleanup
Event: 51.343 Executing VM operation: Cleanup done
Event: 52.357 Executing VM operation: Cleanup
Event: 52.357 Executing VM operation: Cleanup done
Event: 53.358 Executing VM operation: Cleanup
Event: 53.358 Executing VM operation: Cleanup done
Event: 55.287 Executing VM operation: HandshakeAllThreads
Event: 55.288 Executing VM operation: HandshakeAllThreads done
Event: 55.288 Executing VM operation: Cleanup
Event: 55.288 Executing VM operation: Cleanup done
Event: 55.319 Executing VM operation: HandshakeAllThreads
Event: 55.319 Executing VM operation: HandshakeAllThreads done
Event: 55.374 Executing VM operation: HandshakeAllThreads
Event: 55.374 Executing VM operation: HandshakeAllThreads done
Event: 55.409 Executing VM operation: HandshakeAllThreads
Event: 55.409 Executing VM operation: HandshakeAllThreads done
Event: 55.689 Executing VM operation: G1CollectForAllocation
Event: 55.693 Executing VM operation: G1CollectForAllocation done

Memory protections (0 events):
No events

Nmethod flushes (20 events):
Event: 55.424 Thread 0x00000173fe995340 flushing  nmethod 0x0000017388a64f10
Event: 55.424 Thread 0x00000173fe995340 flushing  nmethod 0x0000017388a7ac90
Event: 55.424 Thread 0x00000173fe995340 flushing  nmethod 0x0000017388a91a90
Event: 55.424 Thread 0x00000173fe995340 flushing  nmethod 0x0000017388a99610
Event: 55.424 Thread 0x00000173fe995340 flushing  nmethod 0x0000017388aab690
Event: 55.424 Thread 0x00000173fe995340 flushing  nmethod 0x0000017388acbd90
Event: 55.424 Thread 0x00000173fe995340 flushing  nmethod 0x0000017388afe690
Event: 55.425 Thread 0x00000173fe995340 flushing  nmethod 0x0000017388b07910
Event: 55.425 Thread 0x00000173fe995340 flushing  nmethod 0x0000017388bdb310
Event: 55.425 Thread 0x00000173fe995340 flushing  nmethod 0x0000017388c43a90
Event: 55.426 Thread 0x00000173fe995340 flushing  nmethod 0x0000017388c6f590
Event: 55.426 Thread 0x00000173fe995340 flushing  nmethod 0x0000017388cd8610
Event: 55.426 Thread 0x00000173fe995340 flushing  nmethod 0x0000017388d23890
Event: 55.428 Thread 0x00000173fe995340 flushing  nmethod 0x0000017388d6b810
Event: 55.428 Thread 0x00000173fe995340 flushing  nmethod 0x0000017388d89490
Event: 55.429 Thread 0x00000173fe995340 flushing  nmethod 0x0000017388dfff10
Event: 55.429 Thread 0x00000173fe995340 flushing  nmethod 0x0000017388e74c90
Event: 55.430 Thread 0x00000173fe995340 flushing  nmethod 0x0000017388ee6010
Event: 55.433 Thread 0x00000173fe995340 flushing  nmethod 0x0000017389209210
Event: 55.433 Thread 0x00000173fe995340 flushing  nmethod 0x000001738920cb10

Events (20 events):
Event: 46.024 Thread 0x00000173fb40f010 Thread added: 0x00000173f3b14e00
Event: 46.025 Thread 0x00000173f3b14e00 Thread added: 0x00000173f3b10c30
Event: 46.025 Thread 0x00000173f3b14e00 Thread added: 0x00000173f3b11b60
Event: 49.353 Thread 0x0000017405b253c0 Thread exited: 0x0000017405b253c0
Event: 50.330 Thread 0x00000173f3b134b0 Thread exited: 0x00000173f3b134b0
Event: 50.330 Thread 0x00000173f3b0dea0 Thread exited: 0x00000173f3b0dea0
Event: 50.330 Thread 0x00000173f3b14e00 Thread exited: 0x00000173f3b14e00
Event: 50.330 Thread 0x00000173f3b10c30 Thread exited: 0x00000173f3b10c30
Event: 50.330 Thread 0x00000173f3b11b60 Thread exited: 0x00000173f3b11b60
Event: 50.331 Thread 0x00000173f3b148f0 Thread exited: 0x00000173f3b148f0
Event: 51.167 Thread 0x00000173fe990e00 Thread added: 0x00000173f6e2e1d0
Event: 51.184 Thread 0x00000173fb40f010 Thread added: 0x00000173f3b11650
Event: 51.185 Thread 0x00000173f3b11650 Thread added: 0x00000173f3b0dea0
Event: 51.186 Thread 0x00000173f3b11650 Thread added: 0x00000173f3b0e8c0
Event: 51.329 Thread 0x00000173f6e2e1d0 Thread exited: 0x00000173f6e2e1d0
Event: 55.313 Thread 0x00000173fe990e00 Thread added: 0x0000017404145d30
Event: 55.313 Thread 0x00000173fe990e00 Thread added: 0x00000173f32e6990
Event: 55.693 Thread 0x00000173f3b11650 Thread exited: 0x00000173f3b11650
Event: 55.694 Thread 0x00000173f3b0dea0 Thread exited: 0x00000173f3b0dea0
Event: 55.694 Thread 0x00000173f3b0e8c0 Thread exited: 0x00000173f3b0e8c0


Dynamic libraries:
0x00007ff60e580000 - 0x00007ff60e58e000 	C:\Users\osiyo\.jdks\ms-17.0.18\bin\java.exe
0x00007ffb90f50000 - 0x00007ffb91148000 	C:\Windows\SYSTEM32\ntdll.dll
0x00007ffb8f630000 - 0x00007ffb8f6f2000 	C:\Windows\System32\KERNEL32.DLL
0x00007ffb8e850000 - 0x00007ffb8eb46000 	C:\Windows\System32\KERNELBASE.dll
0x00007ffb8e750000 - 0x00007ffb8e850000 	C:\Windows\System32\ucrtbase.dll
0x00007ffb85940000 - 0x00007ffb8595e000 	C:\Users\osiyo\.jdks\ms-17.0.18\bin\VCRUNTIME140.dll
0x00007ffb85880000 - 0x00007ffb85898000 	C:\Users\osiyo\.jdks\ms-17.0.18\bin\jli.dll
0x00007ffb8f700000 - 0x00007ffb8f8a1000 	C:\Windows\System32\USER32.dll
0x00007ffb8e5e0000 - 0x00007ffb8e602000 	C:\Windows\System32\win32u.dll
0x00007ffb8da00000 - 0x00007ffb8dc9b000 	C:\Windows\WinSxS\amd64_microsoft.windows.common-controls_6595b64144ccf1df_6.0.19041.6456_none_60b8a6cb71f64256\COMCTL32.dll
0x00007ffb8f560000 - 0x00007ffb8f58b000 	C:\Windows\System32\GDI32.dll
0x00007ffb8f590000 - 0x00007ffb8f62e000 	C:\Windows\System32\msvcrt.dll
0x00007ffb8eda0000 - 0x00007ffb8eeb9000 	C:\Windows\System32\gdi32full.dll
0x00007ffb8ed00000 - 0x00007ffb8ed9d000 	C:\Windows\System32\msvcp_win.dll
0x00007ffb90460000 - 0x00007ffb9048f000 	C:\Windows\System32\IMM32.DLL
0x00007ffb89ee0000 - 0x00007ffb89eec000 	C:\Users\osiyo\.jdks\ms-17.0.18\bin\vcruntime140_1.dll
0x00007ffb70070000 - 0x00007ffb700f9000 	C:\Users\osiyo\.jdks\ms-17.0.18\bin\msvcp140.dll
0x00007ffb1e070000 - 0x00007ffb1ecea000 	C:\Users\osiyo\.jdks\ms-17.0.18\bin\server\jvm.dll
0x00007ffb8f490000 - 0x00007ffb8f541000 	C:\Windows\System32\ADVAPI32.dll
0x00007ffb90490000 - 0x00007ffb9052f000 	C:\Windows\System32\sechost.dll
0x00007ffb90740000 - 0x00007ffb90860000 	C:\Windows\System32\RPCRT4.dll
0x00007ffb8e690000 - 0x00007ffb8e6b7000 	C:\Windows\System32\bcrypt.dll
0x00007ffb8fc20000 - 0x00007ffb8fc8b000 	C:\Windows\System32\WS2_32.dll
0x00007ffb8e440000 - 0x00007ffb8e48b000 	C:\Windows\SYSTEM32\POWRPROF.dll
0x00007ffb7a1d0000 - 0x00007ffb7a1f7000 	C:\Windows\SYSTEM32\WINMM.dll
0x00007ffb84da0000 - 0x00007ffb84daa000 	C:\Windows\SYSTEM32\VERSION.dll
0x00007ffb8e420000 - 0x00007ffb8e432000 	C:\Windows\SYSTEM32\UMPDC.dll
0x00007ffb8c710000 - 0x00007ffb8c722000 	C:\Windows\SYSTEM32\kernel.appcore.dll
0x00007ffb89d90000 - 0x00007ffb89d9a000 	C:\Users\osiyo\.jdks\ms-17.0.18\bin\jimage.dll
0x00007ffb8deb0000 - 0x00007ffb8e0b1000 	C:\Windows\SYSTEM32\DBGHELP.DLL
0x00007ffb8de70000 - 0x00007ffb8dea4000 	C:\Windows\SYSTEM32\dbgcore.DLL
0x00007ffb8e6c0000 - 0x00007ffb8e742000 	C:\Windows\System32\bcryptPrimitives.dll
0x00007ffb87a90000 - 0x00007ffb87a9f000 	C:\Users\osiyo\.jdks\ms-17.0.18\bin\instrument.dll
0x00007ffb85690000 - 0x00007ffb856b6000 	C:\Users\osiyo\.jdks\ms-17.0.18\bin\java.dll
0x00007ffb85560000 - 0x00007ffb85578000 	C:\Users\osiyo\.jdks\ms-17.0.18\bin\zip.dll
0x00007ffb664e0000 - 0x00007ffb665b6000 	C:\Users\osiyo\.jdks\ms-17.0.18\bin\jsvml.dll
0x00007ffb8fcf0000 - 0x00007ffb90460000 	C:\Windows\System32\SHELL32.dll
0x00007ffb8bf50000 - 0x00007ffb8c6f5000 	C:\Windows\SYSTEM32\windows.storage.dll
0x00007ffb90a20000 - 0x00007ffb90d74000 	C:\Windows\System32\combase.dll
0x00007ffb8d790000 - 0x00007ffb8d7bb000 	C:\Windows\SYSTEM32\Wldp.dll
0x00007ffb90950000 - 0x00007ffb90a1d000 	C:\Windows\System32\OLEAUT32.dll
0x00007ffb90d80000 - 0x00007ffb90e2d000 	C:\Windows\System32\SHCORE.dll
0x00007ffb8fbc0000 - 0x00007ffb8fc1b000 	C:\Windows\System32\shlwapi.dll
0x00007ffb8e510000 - 0x00007ffb8e534000 	C:\Windows\SYSTEM32\profapi.dll
0x00007ffb85810000 - 0x00007ffb8582b000 	C:\Users\osiyo\.jdks\ms-17.0.18\bin\net.dll
0x00007ffb8b7b0000 - 0x00007ffb8b8ba000 	C:\Windows\SYSTEM32\WINHTTP.dll
0x00007ffb8d570000 - 0x00007ffb8d5da000 	C:\Windows\system32\mswsock.dll
0x00007ffb855c0000 - 0x00007ffb855d6000 	C:\Users\osiyo\.jdks\ms-17.0.18\bin\nio.dll
0x00007ffb871c0000 - 0x00007ffb871c9000 	C:\Users\osiyo\.jdks\ms-17.0.18\bin\extnet.dll
0x00007ffb8e270000 - 0x00007ffb8e288000 	C:\Windows\SYSTEM32\CRYPTSP.dll
0x00007ffb8cf10000 - 0x00007ffb8cf48000 	C:\Windows\system32\rsaenh.dll
0x00007ffb8e490000 - 0x00007ffb8e4be000 	C:\Windows\SYSTEM32\USERENV.dll
0x00007ffb8d700000 - 0x00007ffb8d70c000 	C:\Windows\SYSTEM32\CRYPTBASE.dll
0x00007ffb8d270000 - 0x00007ffb8d2ab000 	C:\Windows\SYSTEM32\IPHLPAPI.DLL
0x00007ffb8f550000 - 0x00007ffb8f558000 	C:\Windows\System32\NSI.dll
0x00007ffb83c50000 - 0x00007ffb83c67000 	C:\Windows\SYSTEM32\dhcpcsvc6.DLL
0x00007ffb84470000 - 0x00007ffb8448d000 	C:\Windows\SYSTEM32\dhcpcsvc.DLL
0x00007ffb8d2b0000 - 0x00007ffb8d37a000 	C:\Windows\SYSTEM32\DNSAPI.dll
0x00007ffb85450000 - 0x00007ffb85460000 	C:\Users\osiyo\.jdks\ms-17.0.18\bin\verify.dll
0x00007ffb87190000 - 0x00007ffb8719e000 	C:\Users\osiyo\.jdks\ms-17.0.18\bin\sunmscapi.dll
0x00007ffb8eba0000 - 0x00007ffb8ecfd000 	C:\Windows\System32\CRYPT32.dll
0x00007ffb8d8e0000 - 0x00007ffb8d907000 	C:\Windows\SYSTEM32\ncrypt.dll
0x00007ffb8d7f0000 - 0x00007ffb8d82b000 	C:\Windows\SYSTEM32\NTASN1.dll
0x00007ffb85a00000 - 0x00007ffb85a0a000 	C:\Users\osiyo\.jdks\ms-17.0.18\bin\management.dll
0x00007ffb85540000 - 0x00007ffb8554c000 	C:\Users\osiyo\.jdks\ms-17.0.18\bin\management_ext.dll
0x00007ffb8fa70000 - 0x00007ffb8fa78000 	C:\Windows\System32\PSAPI.DLL
0x00007ffb7aef0000 - 0x00007ffb7aef7000 	C:\Windows\system32\wshunix.dll
0x00007ffb84fb0000 - 0x00007ffb84fba000 	C:\Windows\System32\rasadhlp.dll
0x00007ffb809b0000 - 0x00007ffb80a30000 	C:\Windows\System32\fwpuclnt.dll

dbghelp: loaded successfully - version: 4.0.5 - missing functions: none
symbol engine: initialized successfully - sym options: 0x614 - pdb path: .;C:\Users\osiyo\.jdks\ms-17.0.18\bin;C:\Windows\SYSTEM32;C:\Windows\WinSxS\amd64_microsoft.windows.common-controls_6595b64144ccf1df_6.0.19041.6456_none_60b8a6cb71f64256;C:\Users\osiyo\.jdks\ms-17.0.18\bin\server

VM Arguments:
jvm_args: -javaagent:C:\Users\osiyo\AppData\Local\JetBrains\IntelliJIdea2025.3\captureAgent\debugger-agent.jar=file:///C:/Users/osiyo/AppData/Local/Temp/capture7145933038419415100.props -ea -Didea.test.cyclic.buffer.size=1048576 -javaagent:C:\Program Files\JetBrains\IntelliJ IDEA 2025.3.1.1\lib\idea_rt.jar=53611 -Dkotlinx.coroutines.debug.enable.creation.stack.trace=false -Ddebugger.agent.enable.coroutines=true -Dkotlinx.coroutines.debug.enable.flows.stack.trace=true -Dkotlinx.coroutines.debug.enable.mutable.state.flows.stack.trace=true -Ddebugger.async.stack.trace.for.all.threads=true -Dfile.encoding=UTF-8 
java_command: com.intellij.rt.junit.JUnitStarter -ideVersion5 -junit5 @w@C:\Users\osiyo\AppData\Local\Temp\idea_working_dirs_junit.tmp @C:\Users\osiyo\AppData\Local\Temp\idea_junit.tmp -socket53610
java_class_path (initial): C:\Program Files\JetBrains\IntelliJ IDEA 2025.3.1.1\lib\idea_rt.jar;C:\Program Files\JetBrains\IntelliJ IDEA 2025.3.1.1\plugins\junit\lib\junit6-rt.jar;C:\Program Files\JetBrains\IntelliJ IDEA 2025.3.1.1\plugins\junit\lib\junit5-rt.jar;C:\Program Files\JetBrains\IntelliJ IDEA 2025.3.1.1\plugins\junit\lib\junit-rt.jar;C:\Users\osiyo\campus-connect\target\test-classes;C:\Users\osiyo\campus-connect\target\classes;C:\Users\osiyo\.m2\repository\org\springframework\boot\spring-boot-starter-web\3.4.2\spring-boot-starter-web-3.4.2.jar;C:\Users\osiyo\.m2\repository\org\springframework\boot\spring-boot-starter\3.4.2\spring-boot-starter-3.4.2.jar;C:\Users\osiyo\.m2\repository\org\springframework\boot\spring-boot-starter-logging\3.4.2\spring-boot-starter-logging-3.4.2.jar;C:\Users\osiyo\.m2\repository\org\apache\logging\log4j\log4j-to-slf4j\2.24.3\log4j-to-slf4j-2.24.3.jar;C:\Users\osiyo\.m2\repository\org\slf4j\jul-to-slf4j\2.0.16\jul-to-slf4j-2.0.16.jar;C:\Users\osiyo\.m2\repository\jakarta\annotation\jakarta.annotation-api\2.1.1\jakarta.annotation-api-2.1.1.jar;C:\Users\osiyo\.m2\repository\org\yaml\snakeyaml\2.3\snakeyaml-2.3.jar;C:\Users\osiyo\.m2\repository\org\springframework\boot\spring-boot-starter-json\3.4.2\spring-boot-starter-json-3.4.2.jar;C:\Users\osiyo\.m2\repository\com\fasterxml\jackson\datatype\jackson-datatype-jdk8\2.18.2\jackson-datatype-jdk8-2.18.2.jar;C:\Users\osiyo\.m2\repository\com\fasterxml\jackson\datatype\jackson-datatype-jsr310\2.18.2\jackson-datatype-jsr310-2.18.2.jar;C:\Users\osiyo\.m2\repository\com\fasterxml\jackson\module\jackson-module-parameter-names\2.18.2\jackson-module-parameter-names-2.18.2.jar;C:\Users\osiyo\.m2\repository\org\springframework\boot\spring-boot-starter-tomcat\3.4.2\spring-boot-starter-tomcat-3.4.2.jar;C:\Users\osiyo\.m2\repository\org\apache\tomcat\embed\tomcat-embed-core\10.1.34\tomcat-embed-core-10.1.34.jar;C:\Users\osiyo\.m2\repository\org\apache\tomcat\embed\tomcat-embed-websocket\10.1.34\t
Launcher Type: SUN_STANDARD

[Global flags]
     intx CICompilerCount                          = 4                                         {product} {ergonomic}
     uint ConcGCThreads                            = 2                                         {product} {ergonomic}
     uint G1ConcRefinementThreads                  = 8                                         {product} {ergonomic}
   size_t G1HeapRegionSize                         = 4194304                                   {product} {ergonomic}
    uintx GCDrainStackTargetSize                   = 64                                        {product} {ergonomic}
   size_t InitialHeapSize                          = 536870912                                 {product} {ergonomic}
   size_t MarkStackSize                            = 4194304                                   {product} {ergonomic}
   size_t MaxHeapSize                              = 8539602944                                {product} {ergonomic}
   size_t MaxNewSize                               = 5121245184                                {product} {ergonomic}
   size_t MinHeapDeltaBytes                        = 4194304                                   {product} {ergonomic}
   size_t MinHeapSize                              = 8388608                                   {product} {ergonomic}
    uintx NonNMethodCodeHeapSize                   = 5839372                                {pd product} {ergonomic}
    uintx NonProfiledCodeHeapSize                  = 122909434                              {pd product} {ergonomic}
    uintx ProfiledCodeHeapSize                     = 122909434                              {pd product} {ergonomic}
    uintx ReservedCodeCacheSize                    = 251658240                              {pd product} {ergonomic}
     bool SegmentedCodeCache                       = true                                      {product} {ergonomic}
   size_t SoftMaxHeapSize                          = 8539602944                             {manageable} {ergonomic}
     bool UseCompressedClassPointers               = true                           {product lp64_product} {ergonomic}
     bool UseCompressedOops                        = true                           {product lp64_product} {ergonomic}
     bool UseG1GC                                  = true                                      {product} {ergonomic}
     bool UseLargePagesIndividualAllocation        = false                                  {pd product} {ergonomic}

Logging:
Log output configuration:
 #0: stdout all=warning uptime,level,tags
 #1: stderr all=off uptime,level,tags

Environment Variables:
JAVA_HOME=C:\Program Files\Eclipse Adoptium\jdk-21.0.9.10-hotspot
PATH=C:\Program Files\Eclipse Adoptium\jdk-21.0.9.10-hotspot\bin;C:\Program Files\Common Files\Oracle\Java\javapath;C:\Windows\system32;C:\Windows;C:\Windows\System32\Wbem;C:\Windows\System32\WindowsPowerShell\v1.0\;C:\Windows\System32\OpenSSH\;C:\Program Files\Git\cmd;C:\apache-maven-3.9.11\bin;C:\Program Files\Go\bin;C:\Program Files\nodejs\;C:\Program Files\MySQL\MySQL Shell 8.0\bin\;C:\Users\osiyo\AppData\Local\Programs\Python\Python313\Scripts\;C:\Users\osiyo\AppData\Local\Programs\Python\Python313\;C:\Users\osiyo\AppData\Local\Programs\Python\Launcher\;C:\Users\osiyo\AppData\Local\Microsoft\WindowsApps;C:\Users\osiyo\AppData\Local\Programs\Microsoft VS Code\bin;C:\Program Files\JetBrains\PyCharm 2025.2.1.1\bin;C:\Users\osiyo\go\bin;C:\Users\osiyo\Downloads\JavaCC-5.0-master (5)\JavaCC-5.0-master\bin;C:\Users\osiyo\AppData\Roaming\npm;C:\Program Files\JetBrains\IntelliJ IDEA 2025.3.1.1\bin
USERNAME=osiyo
OS=Windows_NT
PROCESSOR_IDENTIFIER=Intel64 Family 6 Model 158 Stepping 9, GenuineIntel
TMP=C:\Users\osiyo\AppData\Local\Temp
TEMP=C:\Users\osiyo\AppData\Local\Temp



Periodic native trim disabled


---------------  S Y S T E M  ---------------

OS:
 Windows 10 , 64 bit Build 19041 (10.0.19041.5915)
OS uptime: 27 days 18:21 hours
Hyper-V role detected

CPU: total 8 (initial active 8) (4 cores per cpu, 2 threads per core) family 6 model 158 stepping 9 microcode 0xf4, cx8, cmov, fxsr, ht, mmx, 3dnowpref, sse, sse2, sse3, ssse3, sse4.1, sse4.2, popcnt, lzcnt, tsc, tscinvbit, avx, avx2, aes, erms, clmul, bmi1, bmi2, rtm, adx, fma, vzeroupper, clflush, clflushopt, hv
Processor Information for the first 8 processors :
  Max Mhz: 2904, Current Mhz: 2904, Mhz Limit: 2904

Memory: 4k page, system-wide physical 32570M (1860M free)
TotalPageFile size 63092M (AvailPageFile size 4M)
current process WorkingSet (physical memory assigned to process): 519M, peak: 521M
current process commit charge ("private bytes"): 557M, peak: 697M

vm_info: OpenJDK 64-Bit Server VM (17.0.18+8-LTS) for windows-amd64 JRE (17.0.18+8-LTS), built on Jan 15 2026 18:50:45 by "MicrosoftCorporation" with MS VC++ 17.14 (VS2022)

END.
